GowinSynthesis start
Running parser ...
Analyzing Verilog file 'C:\Users\stanr\Documents\SRB-CC\SR-CRT\FPGA\Controller\amstrad_gt65_crt_controller.sv'
Analyzing Verilog file 'C:\Users\stanr\Documents\SRB-CC\SR-CRT\FPGA\SPI_to_CRT.sv'
WARN  (EX3788) : Block identifier is required on this block("C:\Users\stanr\Documents\SRB-CC\SR-CRT\FPGA\SPI_to_CRT.sv":153)
Analyzing Verilog file 'C:\Users\stanr\Documents\SRB-CC\SR-CRT\FPGA\SPI_to_CRT\src\gowin_dpb\gowin_dpb.v'
Analyzing Verilog file 'C:\Users\stanr\Documents\SRB-CC\SR-CRT\FPGA\SPI_to_CRT\src\gowin_osc\gowin_osc.v'
Compiling module 'SPI_to_CRT'("C:\Users\stanr\Documents\SRB-CC\SR-CRT\FPGA\SPI_to_CRT.sv":1)
Compiling module 'AMSTRAD_GT65_CRT_Controller'("C:\Users\stanr\Documents\SRB-CC\SR-CRT\FPGA\Controller\amstrad_gt65_crt_controller.sv":17)
WARN  (EX3005) : Unique/priority if/case is not full("C:\Users\stanr\Documents\SRB-CC\SR-CRT\FPGA\Controller\amstrad_gt65_crt_controller.sv":193)
WARN  (EX3005) : Unique/priority if/case is not full("C:\Users\stanr\Documents\SRB-CC\SR-CRT\FPGA\Controller\amstrad_gt65_crt_controller.sv":223)
Compiling module 'Gowin_OSC'("C:\Users\stanr\Documents\SRB-CC\SR-CRT\FPGA\SPI_to_CRT\src\gowin_osc\gowin_osc.v":10)
Compiling module 'DPBSRAM'("C:\Users\stanr\Documents\SRB-CC\SR-CRT\FPGA\SPI_to_CRT\src\gowin_dpb\gowin_dpb.v":10)
Compiling module 'SPI_Slave'("C:\Users\stanr\Documents\SRB-CC\SR-CRT\FPGA\SPI_to_CRT.sv":180)
NOTE  (EX0101) : Current top module is "SPI_to_CRT"
[5%] Running netlist conversion ...
Running device independent optimization ...
[10%] Optimizing Phase 0 completed
[15%] Optimizing Phase 1 completed
[25%] Optimizing Phase 2 completed
Running inference ...
[30%] Inferring Phase 0 completed
[40%] Inferring Phase 1 completed
[50%] Inferring Phase 2 completed
[55%] Inferring Phase 3 completed
Running technical mapping ...
[60%] Tech-Mapping Phase 0 completed
[65%] Tech-Mapping Phase 1 completed
[75%] Tech-Mapping Phase 2 completed
[80%] Tech-Mapping Phase 3 completed
[90%] Tech-Mapping Phase 4 completed
[95%] Generate netlist file "C:\Users\stanr\Documents\SRB-CC\SR-CRT\FPGA\SPI_to_CRT\impl\gwsynthesis\SPI_to_CRT.vg" completed
[100%] Generate report file "C:\Users\stanr\Documents\SRB-CC\SR-CRT\FPGA\SPI_to_CRT\impl\gwsynthesis\SPI_to_CRT_syn.rpt.html" completed
GowinSynthesis finish
